
> ai-recuriterapp@0.1.0 build
> next build

Γû▓ Next.js 16.2.0 (Turbopack)
- Environments: .env.local

  Creating an optimized production build ...
node.exe : Error: 
Can't resolve 
'../../globals.css' in 
'D:\ai-recuriterapp\src
\app\(auth)'
At C:\Program Files\nod
ejs\npm.ps1:29 char:3
+   & $NODE_EXE 
$NPM_CLI_JS $args
+   ~~~~~~~~~~~~~~~~~~~
~~~~~~~~~~
    + CategoryInfo     
         : 
NotSpecified: (Err    
or: Can't re...src\app 
   \(auth)':String) 
[], R    emoteException
    + 
FullyQualifiedErrorI   
 d : NativeCommandError
 
    [2m[at 
finishWithoutResolve (D
:\ai-recuriterapp\node_
modules\enhanced-resolv
e\lib\Resolver.js:587:1
8)][0m
    [2m[at D:\ai-recur
iterapp\node_modules\en
hanced-resolve\lib\Reso
lver.js:679:14][0m
    [2m[at D:\ai-recur
iterapp\node_modules\en
hanced-resolve\lib\Reso
lver.js:740:5][0m
    [2m[at eval (eval 
at create (D:\ai-recuri
terapp\node_modules\tap
able\lib\HookCodeFactor
y.js:31:10), 
<anonymous>:15:1)][0m
    [2m[at D:\ai-recur
iterapp\node_modules\en
hanced-resolve\lib\Reso
lver.js:740:5][0m
    [2m[at eval (eval 
at create (D:\ai-recuri
terapp\node_modules\tap
able\lib\HookCodeFactor
y.js:31:10), 
<anonymous>:27:1)][0m
    [2m[at D:\ai-recur
iterapp\node_modules\en
hanced-resolve\lib\Desc
riptionFilePlugin.js:89
:43][0m
    [2m[at D:\ai-recur
iterapp\node_modules\en
hanced-resolve\lib\Reso
lver.js:740:5][0m
    [2m[at eval (eval 
at create (D:\ai-recuri
terapp\node_modules\tap
able\lib\HookCodeFactor
y.js:31:10), 
<anonymous>:15:1)][0m
    [2m[at D:\ai-recur
iterapp\node_modules\en
hanced-resolve\lib\Reso
lver.js:740:5][0m {
  details: "resolve 
'../../globals.css' in 
'D:\\ai-recuriterapp\\s
rc\\app\\(auth)'\n" +
    '  using 
description file: D:\\a
i-recuriterapp\\package
.json (relative path: 
./src/app/(auth))\n' +
    '    using 
description file: D:\\a
i-recuriterapp\\package
.json (relative path: 
./src/globals.css)\n' +
    '      no 
extension\n' +
    "        D:\\ai-rec
uriterapp\\src\\globals
.css doesn't exist\n" +
    '      .css\n' +
    "        D:\\ai-rec
uriterapp\\src\\globals
.css.css doesn't 
exist\n" +
    '      as 
directory\n' +
    "        D:\\ai-rec
uriterapp\\src\\globals
.css doesn't exist"
}

> Build error occurred
Error: Turbopack build 
failed with 1 errors:
./src/app/(auth)/auth.m
odule.css
Error evaluating 
Node.js code
CssSyntaxError: 
tailwindcss: D:\ai-recu
riterapp\src\app\(auth)
\auth.module.css:1:1: 
Can't resolve 
'../../globals.css' in 
'D:\ai-recuriterapp\src
\app\(auth)'
    at Input.error (nod
e_modules/postcss/lib/i
nput.js:135:16) [D:\ai-
recuriterapp\.next\buil
d\chunks\node_modules_1
3sb.px._.js:4651:22]
    at error (node_modu
les/postcss/lib/node.js
:146:32) [D:\ai-recurit
erapp\.next\build\chunk
s\node_modules_13sb.px.
_.js:928:38]
    [at Object.Once (D:
\ai-recuriterapp\node_m
odules\@tailwindcss\pos
tcss\dist\index.js:10:6
913)]
    [at process.process
TicksAndRejections (nod
e:internal/process/task
_queues:105:5)]
    at async 
LazyResult.runAsync (no
de_modules/postcss/lib/
lazy-result.js:293:11) 
[D:\ai-recuriterapp\.ne
xt\build\chunks\node_mo
dules_13sb.px._.js:6214
:21]
    at async transform 
(turbopack:///[turbopac
k-node]/transforms/post
css.ts:70:34) [D:\ai-re
curiterapp\.next\build\
chunks\[root-of-the-ser
ver]__0d-m0h0._.js:146:
36]
    at async run (turbo
pack:///[turbopack-node
]/child_process/evaluat
e.ts:89:23) [D:\ai-recu
riterapp\.next\build\ch
unks\[root-of-the-serve
r]__0ubbtyl._.js:443:31
]

Import traces:
  Client Component 
Browser:
    ./src/app/(auth)/au
th.module.css [Client 
Component Browser]
    ./src/app/(auth)/re
gister/page.tsx 
[Client Component 
Browser]
    ./src/app/(auth)/re
gister/page.tsx 
[Server Component]

  Client Component SSR:
    ./src/app/(auth)/au
th.module.css [Client 
Component SSR]
    ./src/app/(auth)/re
gister/page.tsx 
[Client Component SSR]
    ./src/app/(auth)/re
gister/page.tsx 
[Server Component]


    at async transform 
(turbopack:///[turbopac
k-node]/transforms/post
css.ts:70:34) [D:\ai-re
curiterapp\.next\build\
chunks\[root-of-the-ser
ver]__0d-m0h0._.js:146:
36])
    at async run (turbo
pack:///[turbopack-node
]/child_process/evaluat
e.ts:89:23) [D:\ai-recu
riterapp\.next\build\ch
unks\[root-of-the-serve
r]__0ubbtyl._.js:443:31
])
